// Jest Snapshot v1, https://goo.gl/fbAQLP

exports[`Test on <LoginScreen /> should be display correctly and match with snapshot 1`] = `
<div
  className="container mt-5"
>
  <h1>
    Login
  </h1>
  <p
    className="text-muted"
  >
    (Don't worry, this is a fake login, you dont need any user or credentials ðŸ‘Œ)
  </p>
  <hr />
  <button
    className="btn btn-primary"
    onClick={[Function]}
  >
    Login
  </button>
</div>
`;
